bmscecse@bmscecse-HP-Elite-Tower-600-G9-Desktop-PC:~/LAB5$ nano numprint1_5.sh
bmscecse@bmscecse-HP-Elite-Tower-600-G9-Desktop-PC:~/LAB5$ sh numprint1_5.sh
1
2
3
4
5
bmscecse@bmscecse-HP-Elite-Tower-600-G9-Desktop-PC:~/LAB5$ cat numprint1_5.sh
#!/bin/sh

# print numbers from 1 to 5

i=1
while [ $i -le 5 ]
do 
echo $i
i=$((i+1))
done
bmscecse@bmscecse-HP-Elite-Tower-600-G9-Desktop-PC:~/LAB5$  nano evenSum.sh
bmscecse@bmscecse-HP-Elite-Tower-600-G9-Desktop-PC:~/LAB5$ sh evenSum.sh
enter n: 7
evenSum.sh: 13: Syntax error: "do" unexpected (expecting "then")
bmscecse@bmscecse-HP-Elite-Tower-600-G9-Desktop-PC:~/LAB5$ nano evenSum.sh
bmscecse@bmscecse-HP-Elite-Tower-600-G9-Desktop-PC:~/LAB5$ sh evenSum.sh
enter n: 7
Sum of even numbers: 0
Sum of even numbers: 2
Sum of even numbers: 6
Sum of even numbers: 12
bmscecse@bmscecse-HP-Elite-Tower-600-G9-Desktop-PC:~/LAB5$ nano evenSum.sh
bmscecse@bmscecse-HP-Elite-Tower-600-G9-Desktop-PC:~/LAB5$ sh evenSum.sh
enter n: 6
Sum of even numbers: 12
bmscecse@bmscecse-HP-Elite-Tower-600-G9-Desktop-PC:~/LAB5$ sh evenSum.sh
enter n: 4
Sum of even numbers: 6
bmscecse@bmscecse-HP-Elite-Tower-600-G9-Desktop-PC:~/LAB5$ cat evenSum.sh
#!/bin/sh

#sum of even numbers upto n

echo "enter n: \c"
read n

sum=0
i=0
while [ $i -le $n ]
do
 
sum=$((sum+i))
i=$((i+2))
done
echo "Sum of even numbers: $sum"

